============================= test session starts =============================
platform win32 -- Python 3.12.10, pytest-9.0.3, pluggy-1.6.0 -- C:\PlayWright\playwright-mcp-test-framework (1)\playwright-mcp-test-framework\.venv\Scripts\python.exe
cachedir: .pytest_cache
metadata: {'Python': '3.12.10', 'Platform': 'Windows-11-10.0.26200-SP0', 'Packages': {'pytest': '9.0.3', 'pluggy': '1.6.0'}, 'Plugins': {'anyio': '4.13.0', 'base-url': '2.1.0', 'html': '4.2.0', 'metadata': '3.1.1', 'playwright': '0.7.2'}, 'Base URL': ''}
rootdir: C:\PlayWright\playwright-mcp-test-framework (1)\playwright-mcp-test-framework
configfile: pytest.ini
plugins: anyio-4.13.0, base-url-2.1.0, html-4.2.0, metadata-3.1.1, playwright-0.7.2
collecting ... collected 10 items

tests/test_imedx_login_optimized.py::TestImedxLoginOptimized::test_01_valid_login_with_valid_credentials PASSED [ 10%]
tests/test_imedx_login_optimized.py::TestImedxLoginOptimized::test_02_page_loads_correctly PASSED [ 20%]
tests/test_imedx_login_optimized.py::TestImedxLoginOptimized::test_03_username_input_field_exists PASSED [ 30%]
tests/test_imedx_login_optimized.py::TestImedxLoginOptimized::test_04_password_input_field_exists PASSED [ 40%]
tests/test_imedx_login_optimized.py::TestImedxLoginOptimized::test_05_login_button_exists PASSED [ 50%]
tests/test_imedx_login_optimized.py::TestImedxLoginOptimized::test_06_can_enter_username_text PASSED [ 60%]
tests/test_imedx_login_optimized.py::TestImedxLoginOptimized::test_07_can_enter_password_text PASSED [ 70%]
tests/test_imedx_login_optimized.py::TestImedxLoginOptimized::test_08_login_form_submission PASSED [ 80%]
tests/test_imedx_login_optimized.py::TestImedxLoginOptimized::test_09_session_established_after_login PASSED [ 90%]
tests/test_imedx_login_optimized.py::TestImedxLoginOptimized::test_10_credentials_data_loaded_correctly PASSED [100%]

- Generated html report: file:///C:/PlayWright/playwright-mcp-test-framework%20%281%29/playwright-mcp-test-framework/reports/imedx_optimized_report.html -
============================= 10 passed in 57.04s =============================
